ESP-ROM:esp32s3-20210327
Build:Mar 27 2021
rst:0x15 (USB_UART_CHIP_RESET),boot:0x2b (SPI_FAST_FLASH_BOOT)
Saved PC:0x42009c43
SPIWP:0xee
mode:DIO, clock div:1
load:0x3fce2820,len:0x170c
load:0x403c8700,len:0x4
load:0x403c8704,len:0xec0
load:0x403cb700,len:0x318c
entry 0x403c8958
[0;32mI (26) boot: ESP-IDF v5.4.1-dirty 2nd stage bootloader[0m
[0;32mI (27) boot: compile time Aug 30 2025 21:21:36[0m
[0;32mI (27) boot: Multicore bootloader[0m
[0;32mI (27) boot: chip revision: v0.2[0m
[0;32mI (27) boot: efuse block revision: v1.3[0m
[0;32mI (28) qio_mode: Enabling default flash chip QIO[0m
[0;32mI (28) boot.esp32s3: Boot SPI Speed : 80MHz[0m
[0;32mI (28) boot.esp32s3: SPI Mode       : QIO[0m
[0;32mI (28) boot.esp32s3: SPI Flash Size : 16MB[0m
[0;32mI (28) boot: Enabling RNG early entropy source...[0m
[0;32mI (29) boot: Partition Table:[0m
[0;32mI (29) boot: ## Label            Usage          Type ST Offset   Length[0m
[0;32mI (29) boot:  0 nvs              WiFi data        01 02 00009000 00006000[0m
[0;32mI (30) boot:  1 phy_init         RF data          01 01 0000f000 00001000[0m
[0;32mI (30) boot:  2 factory          factory app      00 00 00010000 00800000[0m
[0;32mI (30) boot:  3 storage          Unknown data     01 82 00810000 00700000[0m
[0;32mI (31) boot: End of partition table[0m
[0;32mI (31) esp_image: segment 0: paddr=00010020 vaddr=3c080020 size=30584h (198020) map[0m
[0;32mI (61) esp_image: segment 1: paddr=000405ac vaddr=3fcab600 size=033bch ( 13244) load[0m
[0;32mI (64) esp_image: segment 2: paddr=00043970 vaddr=40374000 size=0c6a8h ( 50856) load[0m
[0;32mI (74) esp_image: segment 3: paddr=00050020 vaddr=42000020 size=7afc8h (503752) map[0m
[0;32mI (149) esp_image: segment 4: paddr=000caff0 vaddr=403806a8 size=1af00h (110336) load[0m
[0;32mI (170) esp_image: segment 5: paddr=000e5ef8 vaddr=600fe100 size=0001ch (    28) load[0m
[0;32mI (185) boot: Loaded app from partition at offset 0x10000[0m
[0;32mI (185) boot: Disabling RNG early entropy source...[0m
[0;32mI (186) octal_psram: vendor id    : 0x0d (AP)[0m
[0;32mI (186) octal_psram: dev id       : 0x02 (generation 3)[0m
[0;32mI (186) octal_psram: density      : 0x03 (64 Mbit)[0m
[0;32mI (186) octal_psram: good-die     : 0x01 (Pass)[0m
[0;32mI (187) octal_psram: Latency      : 0x01 (Fixed)[0m
[0;32mI (187) octal_psram: VCC          : 0x01 (3V)[0m
[0;32mI (187) octal_psram: SRF          : 0x01 (Fast Refresh)[0m
[0;32mI (187) octal_psram: BurstType    : 0x01 (Hybrid Wrap)[0m
[0;32mI (188) octal_psram: BurstLen     : 0x01 (32 Byte)[0m
[0;32mI (188) octal_psram: Readlatency  : 0x02 (10 cycles@Fixed)[0m
[0;32mI (188) octal_psram: DriveStrength: 0x00 (1/1)[0m
[0;32mI (189) MSPI Timing: PSRAM timing tuning index: 5[0m
[0;32mI (189) esp_psram: Found 8MB PSRAM device[0m
[0;32mI (189) esp_psram: Speed: 80MHz[0m
[0;32mI (209) mmu_psram: Read only data copied and mapped to SPIRAM[0m
[0;32mI (249) mmu_psram: Instructions copied and mapped to SPIRAM[0m
[0;32mI (249) cpu_start: Multicore app[0m
[0;32mI (624) esp_psram: SPI SRAM memory test OK[0m
[0;32mI (632) cpu_start: Pro cpu start user code[0m
[0;32mI (632) cpu_start: cpu freq: 240000000 Hz[0m
[0;32mI (633) app_init: Application information:[0m
[0;32mI (633) app_init: Project name:     lvgl_demo_v9[0m
[0;32mI (633) app_init: App version:      040a745-dirty[0m
[0;32mI (633) app_init: Compile time:     Aug 30 2025 21:21:47[0m
[0;32mI (633) app_init: ELF file SHA256:  d97e594dc...[0m
[0;32mI (633) app_init: ESP-IDF:          v5.4.1-dirty[0m
[0;32mI (634) efuse_init: Min chip rev:     v0.0[0m
[0;32mI (634) efuse_init: Max chip rev:     v0.99 [0m
[0;32mI (634) efuse_init: Chip rev:         v0.2[0m
[0;32mI (634) heap_init: Initializing. RAM available for dynamic allocation:[0m
[0;32mI (635) heap_init: At 3FCAF8A0 len 00039E70 (231 KiB): RAM[0m
[0;32mI (635) heap_init: At 3FCE9710 len 00005724 (21 KiB): RAM[0m
[0;32mI (635) heap_init: At 3FCF0000 len 00008000 (32 KiB): DRAM[0m
[0;32mI (636) heap_init: At 600FE11C len 00001ECC (7 KiB): RTCRAM[0m
[0;32mI (636) esp_psram: Adding pool of 7424K of PSRAM memory to heap allocator[0m
[0;32mI (637) spi_flash: detected chip: gd[0m
[0;32mI (637) spi_flash: flash io: qio[0m
[0;33mW (637) spi_flash: Detected size(32768k) larger than the size in the binary image header(16384k). Using the size in the binary image header.[0m
[0;32mI (638) sleep_gpio: Configure to isolate all GPIO pins in sleep state[0m
[0;32mI (638) sleep_gpio: Enable automatic switching of GPIO sleep configuration[0m
[0;32mI (639) main_task: Started on CPU0[0m
[0;32mI (640) esp_psram: Reserving pool of 4K of internal memory for DMA/internal allocations[0m
[0;32mI (640) main_task: Calling app_main()[0m
[0;32mI (820) ESP32-S3-Touch-AMOLED-2.06: Partition size: total: 6739601, used: 493968[0m
[0;32mI (820) main: spiffs mounted[0m
[0;32mI (820) spiffs: FILE: /spiffs/4k1.jpg (size=107401)[0m
[0;32mI (825) spiffs: FILE: /spiffs/4k2.jpg (size=61666)[0m
[0;32mI (827) spiffs: FILE: /spiffs/cute1.jpg (size=69327)[0m
[0;32mI (830) spiffs: FILE: /spiffs/cute2.jpg (size=71632)[0m
[0;32mI (834) spiffs: FILE: /spiffs/nr/mt1.jpg (size=60553)[0m
[0;32mI (836) spiffs: FILE: /spiffs/nr/mt2.jpg (size=63042)[0m
[0;32mI (839) spiffs: FILE: /spiffs/nr/zyq.jpg (size=38545)[0m
[0;32mI (841) spiffs: FILE: /spiffs/btns/music.jpg (size=4476)[0m
[0;32mI (841) spiffs: FILE: /spiffs/btns/photo.jpg (size=5261)[0m
[0;32mI (842) spiffs: FILE: /spiffs/btns/video.jpg (size=4845)[0m
[0;32mI (955) LVGL: Starting LVGL task[0m
[0;32mI (955) ESP32-S3-Touch-AMOLED-2.06: Initialize SPI bus[0m
[0;32mI (955) gpio: GPIO[8]| InputEn: 0| OutputEn: 1| OpenDrain: 0| Pullup: 0| Pulldown: 0| Intr:0 [0m
[0;32mI (956) sh8601: LCD panel create success, version: 1.0.2[0m
[0;33mW (1280) i2c.master: Please check pull-up resistances whether be connected properly. Otherwise unexpected behavior would happen. For more detailed information, please read docs[0m
[0;32mI (1281) gpio: GPIO[38]| InputEn: 1| OutputEn: 0| OpenDrain: 0| Pullup: 0| Pulldown: 0| Intr:2 [0m
[0;32mI (1281) gpio: GPIO[9]| InputEn: 0| OutputEn: 1| OpenDrain: 0| Pullup: 0| Pulldown: 0| Intr:0 [0m
[0;32mI (1317) ESP32-S3-Touch-AMOLED-2.06: Backlight on[0m
[0;32mI (1780) main_task: Returned from app_main()[0m
[0;32mI (39964) gesture: ä¸Šæ»‘[0m
[0;32mI (41620) main_page: Video è¢«ç‚¹å‡»[0m
[0;32mI (41626) ES8311: Work in Slave mode[0m
[0;32mI (41629) gpio: GPIO[46]| InputEn: 0| OutputEn: 1| OpenDrain: 0| Pullup: 0| Pulldown: 0| Intr:0 [0m
[0;32mI (41632) ES7210: Work in Slave mode[0m
[0;32mI (41639) ES7210: Enable ES7210_INPUT_MIC1[0m
[0;32mI (41642) ES7210: Enable ES7210_INPUT_MIC2[0m
[0;32mI (41648) I2S_IF: channel mode 0 bits:16/16 channel:2 mask:3[0m
[0;32mI (41649) I2S_IF: STD Mode 1 bits:16/16 channel:2 sample_rate:16000 mask:3[0m
[0;32mI (41664) Adev_Codec: Open codec device OK[0m
[0;32mI (41664) I2S_IF: channel mode 0 bits:16/16 channel:2 mask:3[0m
[0;32mI (41664) I2S_IF: STD Mode 0 bits:16/16 channel:2 sample_rate:16000 mask:3[0m
[0;32mI (41665) ES7210: Bits 16[0m
[0;32mI (41672) ES7210: Enable ES7210_INPUT_MIC1[0m
[0;32mI (41675) ES7210: Enable ES7210_INPUT_MIC2[0m
[0;32mI (41682) ES7210: Unmuted[0m
[0;32mI (41683) Adev_Codec: Open codec device OK[0m
[0;32mI (41683) bsp_extra_board: Setting volume: 80[0m
[0;33mW (41684) ESP32-S3-Touch-AMOLED-2.06: Warning: Long filenames on SD card are disabled in menuconfig![0m
[0;32mI (41685) gpio: GPIO[2]| InputEn: 0| OutputEn: 0| OpenDrain: 0| Pullup: 1| Pulldown: 0| Intr:0 [0m
[0;32mI (41685) gpio: GPIO[1]| InputEn: 0| OutputEn: 0| OpenDrain: 0| Pullup: 1| Pulldown: 0| Intr:0 [0m
[0;32mI (41685) gpio: GPIO[3]| InputEn: 0| OutputEn: 0| OpenDrain: 0| Pullup: 1| Pulldown: 0| Intr:0 [0m
[1;31mE (41880) video_audio: Failed to open directory: /sdcard/snr[0m
[0;32mI (627) esp_psram: SPI SRAM memory test OK[0m
[0;32mI (636) cpu_start: Pro cpu start user cod